C:/Users/james/OneDrive/Documents/MIT 2025-2026/Small Build/The-Grid/TheGridTesting/Core/Src/main.c:88:6:set_rgb	1
C:/Users/james/OneDrive/Documents/MIT 2025-2026/Small Build/The-Grid/TheGridTesting/Core/Src/main.c:102:5:main	7
C:/Users/james/OneDrive/Documents/MIT 2025-2026/Small Build/The-Grid/TheGridTesting/Core/Src/main.c:193:6:SystemClock_Config	3
C:/Users/james/OneDrive/Documents/MIT 2025-2026/Small Build/The-Grid/TheGridTesting/Core/Src/main.c:230:13:MX_TIM2_Init	7
C:/Users/james/OneDrive/Documents/MIT 2025-2026/Small Build/The-Grid/TheGridTesting/Core/Src/main.c:291:13:MX_TIM3_Init	7
C:/Users/james/OneDrive/Documents/MIT 2025-2026/Small Build/The-Grid/TheGridTesting/Core/Src/main.c:352:13:MX_TIM4_Init	7
C:/Users/james/OneDrive/Documents/MIT 2025-2026/Small Build/The-Grid/TheGridTesting/Core/Src/main.c:413:13:MX_USART3_UART_Init	2
C:/Users/james/OneDrive/Documents/MIT 2025-2026/Small Build/The-Grid/TheGridTesting/Core/Src/main.c:446:13:MX_GPIO_Init	1
C:/Users/james/OneDrive/Documents/MIT 2025-2026/Small Build/The-Grid/TheGridTesting/Core/Src/main.c:510:6:HAL_GPIO_EXTI_Callback	3
C:/Users/james/OneDrive/Documents/MIT 2025-2026/Small Build/The-Grid/TheGridTesting/Core/Src/main.c:530:6:Error_Handler	1
