C:/Users/james/OneDrive/Documents/MIT 2025-2026/Small Build/The-Grid/TheGridTesting/Core/Src/main.c:88:6:set_rgb	16	static
C:/Users/james/OneDrive/Documents/MIT 2025-2026/Small Build/The-Grid/TheGridTesting/Core/Src/main.c:102:5:main	16	static
C:/Users/james/OneDrive/Documents/MIT 2025-2026/Small Build/The-Grid/TheGridTesting/Core/Src/main.c:193:6:SystemClock_Config	72	static
C:/Users/james/OneDrive/Documents/MIT 2025-2026/Small Build/The-Grid/TheGridTesting/Core/Src/main.c:230:13:MX_TIM2_Init	48	static
C:/Users/james/OneDrive/Documents/MIT 2025-2026/Small Build/The-Grid/TheGridTesting/Core/Src/main.c:291:13:MX_TIM3_Init	48	static
C:/Users/james/OneDrive/Documents/MIT 2025-2026/Small Build/The-Grid/TheGridTesting/Core/Src/main.c:352:13:MX_TIM4_Init	48	static
C:/Users/james/OneDrive/Documents/MIT 2025-2026/Small Build/The-Grid/TheGridTesting/Core/Src/main.c:413:13:MX_USART3_UART_Init	8	static
C:/Users/james/OneDrive/Documents/MIT 2025-2026/Small Build/The-Grid/TheGridTesting/Core/Src/main.c:446:13:MX_GPIO_Init	40	static
C:/Users/james/OneDrive/Documents/MIT 2025-2026/Small Build/The-Grid/TheGridTesting/Core/Src/main.c:510:6:HAL_GPIO_EXTI_Callback	16	static
C:/Users/james/OneDrive/Documents/MIT 2025-2026/Small Build/The-Grid/TheGridTesting/Core/Src/main.c:530:6:Error_Handler	4	static,ignoring_inline_asm
