Archive member included to satisfy reference by file (symbol)

C:/ST/STM32CubeIDE_2.0.0/STM32CubeIDE/plugins/com.st.stm32cube.ide.mcu.externaltools.gnu-tools-for-stm32.13.3.rel1.win32_1.0.100.202509120712/tools/bin/../lib/gcc/arm-none-eabi/13.3.1/../../../../arm-none-eabi/lib/thumb/v7-m/nofp\libc_nano.a(libc_a-exit.o)
                              C:/ST/STM32CubeIDE_2.0.0/STM32CubeIDE/plugins/com.st.stm32cube.ide.mcu.externaltools.gnu-tools-for-stm32.13.3.rel1.win32_1.0.100.202509120712/tools/bin/../lib/gcc/arm-none-eabi/13.3.1/../../../../arm-none-eabi/lib/thumb/v7-m/nofp/crt0.o (exit)
C:/ST/STM32CubeIDE_2.0.0/STM32CubeIDE/plugins/com.st.stm32cube.ide.mcu.externaltools.gnu-tools-for-stm32.13.3.rel1.win32_1.0.100.202509120712/tools/bin/../lib/gcc/arm-none-eabi/13.3.1/../../../../arm-none-eabi/lib/thumb/v7-m/nofp\libc_nano.a(libc_a-findfp.o)
                              C:/ST/STM32CubeIDE_2.0.0/STM32CubeIDE/plugins/com.st.stm32cube.ide.mcu.externaltools.gnu-tools-for-stm32.13.3.rel1.win32_1.0.100.202509120712/tools/bin/../lib/gcc/arm-none-eabi/13.3.1/../../../../arm-none-eabi/lib/thumb/v7-m/nofp\libc_nano.a(libc_a-exit.o) (__stdio_exit_handler)
C:/ST/STM32CubeIDE_2.0.0/STM32CubeIDE/plugins/com.st.stm32cube.ide.mcu.externaltools.gnu-tools-for-stm32.13.3.rel1.win32_1.0.100.202509120712/tools/bin/../lib/gcc/arm-none-eabi/13.3.1/../../../../arm-none-eabi/lib/thumb/v7-m/nofp\libc_nano.a(libc_a-fwalk.o)
                              C:/ST/STM32CubeIDE_2.0.0/STM32CubeIDE/plugins/com.st.stm32cube.ide.mcu.externaltools.gnu-tools-for-stm32.13.3.rel1.win32_1.0.100.202509120712/tools/bin/../lib/gcc/arm-none-eabi/13.3.1/../../../../arm-none-eabi/lib/thumb/v7-m/nofp\libc_nano.a(libc_a-findfp.o) (_fwalk_sglue)
C:/ST/STM32CubeIDE_2.0.0/STM32CubeIDE/plugins/com.st.stm32cube.ide.mcu.externaltools.gnu-tools-for-stm32.13.3.rel1.win32_1.0.100.202509120712/tools/bin/../lib/gcc/arm-none-eabi/13.3.1/../../../../arm-none-eabi/lib/thumb/v7-m/nofp\libc_nano.a(libc_a-stdio.o)
                              C:/ST/STM32CubeIDE_2.0.0/STM32CubeIDE/plugins/com.st.stm32cube.ide.mcu.externaltools.gnu-tools-for-stm32.13.3.rel1.win32_1.0.100.202509120712/tools/bin/../lib/gcc/arm-none-eabi/13.3.1/../../../../arm-none-eabi/lib/thumb/v7-m/nofp\libc_nano.a(libc_a-findfp.o) (__sread)
C:/ST/STM32CubeIDE_2.0.0/STM32CubeIDE/plugins/com.st.stm32cube.ide.mcu.externaltools.gnu-tools-for-stm32.13.3.rel1.win32_1.0.100.202509120712/tools/bin/../lib/gcc/arm-none-eabi/13.3.1/../../../../arm-none-eabi/lib/thumb/v7-m/nofp\libc_nano.a(libc_a-memset.o)
                              C:/ST/STM32CubeIDE_2.0.0/STM32CubeIDE/plugins/com.st.stm32cube.ide.mcu.externaltools.gnu-tools-for-stm32.13.3.rel1.win32_1.0.100.202509120712/tools/bin/../lib/gcc/arm-none-eabi/13.3.1/../../../../arm-none-eabi/lib/thumb/v7-m/nofp/crt0.o (memset)
C:/ST/STM32CubeIDE_2.0.0/STM32CubeIDE/plugins/com.st.stm32cube.ide.mcu.externaltools.gnu-tools-for-stm32.13.3.rel1.win32_1.0.100.202509120712/tools/bin/../lib/gcc/arm-none-eabi/13.3.1/../../../../arm-none-eabi/lib/thumb/v7-m/nofp\libc_nano.a(libc_a-closer.o)
                              C:/ST/STM32CubeIDE_2.0.0/STM32CubeIDE/plugins/com.st.stm32cube.ide.mcu.externaltools.gnu-tools-for-stm32.13.3.rel1.win32_1.0.100.202509120712/tools/bin/../lib/gcc/arm-none-eabi/13.3.1/../../../../arm-none-eabi/lib/thumb/v7-m/nofp\libc_nano.a(libc_a-stdio.o) (_close_r)
C:/ST/STM32CubeIDE_2.0.0/STM32CubeIDE/plugins/com.st.stm32cube.ide.mcu.externaltools.gnu-tools-for-stm32.13.3.rel1.win32_1.0.100.202509120712/tools/bin/../lib/gcc/arm-none-eabi/13.3.1/../../../../arm-none-eabi/lib/thumb/v7-m/nofp\libc_nano.a(libc_a-reent.o)
                              C:/ST/STM32CubeIDE_2.0.0/STM32CubeIDE/plugins/com.st.stm32cube.ide.mcu.externaltools.gnu-tools-for-stm32.13.3.rel1.win32_1.0.100.202509120712/tools/bin/../lib/gcc/arm-none-eabi/13.3.1/../../../../arm-none-eabi/lib/thumb/v7-m/nofp\libc_nano.a(libc_a-closer.o) (errno)
C:/ST/STM32CubeIDE_2.0.0/STM32CubeIDE/plugins/com.st.stm32cube.ide.mcu.externaltools.gnu-tools-for-stm32.13.3.rel1.win32_1.0.100.202509120712/tools/bin/../lib/gcc/arm-none-eabi/13.3.1/../../../../arm-none-eabi/lib/thumb/v7-m/nofp\libc_nano.a(libc_a-impure.o)
                              C:/ST/STM32CubeIDE_2.0.0/STM32CubeIDE/plugins/com.st.stm32cube.ide.mcu.externaltools.gnu-tools-for-stm32.13.3.rel1.win32_1.0.100.202509120712/tools/bin/../lib/gcc/arm-none-eabi/13.3.1/../../../../arm-none-eabi/lib/thumb/v7-m/nofp\libc_nano.a(libc_a-reent.o) (_impure_ptr)
C:/ST/STM32CubeIDE_2.0.0/STM32CubeIDE/plugins/com.st.stm32cube.ide.mcu.externaltools.gnu-tools-for-stm32.13.3.rel1.win32_1.0.100.202509120712/tools/bin/../lib/gcc/arm-none-eabi/13.3.1/../../../../arm-none-eabi/lib/thumb/v7-m/nofp\libc_nano.a(libc_a-lseekr.o)
[...]
Memory Configuration

Name             Origin             Length             Attributes
RAM              0x20000000         0x00005000         xrw
FLASH            0x08000000         0x00010000         xr
*default*        0x00000000         0xffffffff

Linker script and memory map

LOAD C:/ST/STM32CubeIDE_2.0.0/STM32CubeIDE/plugins/com.st.stm32cube.ide.mcu.externaltools.gnu-tools-for-stm32.13.3.rel1.win32_1.0.100.202509120712/tools/bin/../lib/gcc/arm-none-eabi/13.3.1/thumb/v7-m/nofp/crti.o
LOAD C:/ST/STM32CubeIDE_2.0.0/STM32CubeIDE/plugins/com.st.stm32cube.ide.mcu.externaltools.gnu-tools-for-stm32.13.3.rel1.win32_1.0.100.202509120712/tools/bin/../lib/gcc/arm-none-eabi/13.3.1/thumb/v7-m/nofp/crtbegin.o
LOAD C:/ST/STM32CubeIDE_2.0.0/STM32CubeIDE/plugins/com.st.stm32cube.ide.mcu.externaltools.gnu-tools-for-stm32.13.3.rel1.win32_1.0.100.202509120712/tools/bin/../lib/gcc/arm-none-eabi/13.3.1/../../../../arm-none-eabi/lib/thumb/v7-m/nofp/crt0.o
LOAD ./Application/User/Core/main.o
LOAD ./Application/User/Core/stm32f1xx_hal_msp.o
LOAD ./Application/User/Core/stm32f1xx_it.o
LOAD ./Application/User/Core/syscalls.o
LOAD ./Application/User/Core/sysmem.o
LOAD ./Application/User/Startup/startup_stm32f103c8tx.o
LOAD ./Drivers/CMSIS/system_stm32f1xx.o
LOAD ./Drivers/STM32F1xx_HAL_Driver/stm32f1xx_hal.o
LOAD ./Drivers/STM32F1xx_HAL_Driver/stm32f1xx_hal_cortex.o
LOAD ./Drivers/STM32F1xx_HAL_Driver/stm32f1xx_hal_dma.o
LOAD ./Drivers/STM32F1xx_HAL_Driver/stm32f1xx_hal_exti.o
LOAD ./Drivers/STM32F1xx_HAL_Driver/stm32f1xx_hal_flash.o
LOAD ./Drivers/STM32F1xx_HAL_Driver/stm32f1xx_hal_flash_ex.o
LOAD ./Drivers/STM32F1xx_HAL_Driver/stm32f1xx_hal_gpio.o
LOAD ./Drivers/STM32F1xx_HAL_Driver/stm32f1xx_hal_gpio_ex.o
LOAD ./Drivers/STM32F1xx_HAL_Driver/stm32f1xx_hal_pwr.o
LOAD ./Drivers/STM32F1xx_HAL_Driver/stm32f1xx_hal_rcc.o
LOAD ./Drivers/STM32F1xx_HAL_Driver/stm32f1xx_hal_rcc_ex.o
LOAD ./Drivers/STM32F1xx_HAL_Driver/stm32f1xx_hal_tim.o
LOAD ./Drivers/STM32F1xx_HAL_Driver/stm32f1xx_hal_tim_ex.o
LOAD ./Drivers/STM32F1xx_HAL_Driver/stm32f1xx_hal_uart.o
START GROUP
LOAD C:/ST/STM32CubeIDE_2.0.0/STM32CubeIDE/plugins/com.st.stm32cube.ide.mcu.externaltools.gnu-tools-for-stm32.13.3.rel1.win32_1.0.100.202509120712/tools/bin/../lib/gcc/arm-none-eabi/13.3.1/../../../../arm-none-eabi/lib/thumb/v7-m/nofp\libc_nano.a
LOAD C:/ST/STM32CubeIDE_2.0.0/STM32CubeIDE/plugins/com.st.stm32cube.ide.mcu.externaltools.gnu-tools-for-stm32.13.3.rel1.win32_1.0.100.202509120712/tools/bin/../lib/gcc/arm-none-eabi/13.3.1/../../../../arm-none-eabi/lib/thumb/v7-m/nofp\libm.a
END GROUP
START GROUP
LOAD C:/ST/STM32CubeIDE_2.0.0/STM32CubeIDE/plugins/com.st.stm32cube.ide.mcu.externaltools.gnu-tools-for-stm32.13.3.rel1.win32_1.0.100.202509120712/tools/bin/../lib/gcc/arm-none-eabi/13.3.1/thumb/v7-m/nofp\libgcc.a
LOAD C:/ST/STM32CubeIDE_2.0.0/STM32CubeIDE/plugins/com.st.stm32cube.ide.mcu.externaltools.gnu-tools-for-stm32.13.3.rel1.win32_1.0.100.202509120712/tools/bin/../lib/gcc/arm-none-eabi/13.3.1/../../../../arm-none-eabi/lib/thumb/v7-m/nofp\libc_nano.a
END GROUP
START GROUP
LOAD C:/ST/STM32CubeIDE_2.0.0/STM32CubeIDE/plugins/com.st.stm32cube.ide.mcu.externaltools.gnu-tools-for-stm32.13.3.rel1.win32_1.0.100.202509120712/tools/bin/../lib/gcc/arm-none-eabi/13.3.1/thumb/v7-m/nofp\libgcc.a
LOAD C:/ST/STM32CubeIDE_2.0.0/STM32CubeIDE/plugins/com.st.stm32cube.ide.mcu.externaltools.gnu-tools-for-stm32.13.3.rel1.win32_1.0.100.202509120712/tools/bin/../lib/gcc/arm-none-eabi/13.3.1/../../../../arm-none-eabi/lib/thumb/v7-m/nofp\libc_nano.a
LOAD C:/ST/STM32CubeIDE_2.0.0/STM32CubeIDE/plugins/com.st.stm32cube.ide.mcu.externaltools.gnu-tools-for-stm32.13.3.rel1.win32_1.0.100.202509120712/tools/bin/../lib/gcc/arm-none-eabi/13.3.1/../../../../arm-none-eabi/lib/thumb/v7-m/nofp\libnosys.a
END GROUP
START GROUP
LOAD C:/ST/STM32CubeIDE_2.0.0/STM32CubeIDE/plugins/com.st.stm32cube.ide.mcu.externaltools.gnu-tools-for-stm32.13.3.rel1.win32_1.0.100.202509120712/tools/bin/../lib/gcc/arm-none-eabi/13.3.1/thumb/v7-m/nofp\libgcc.a
LOAD C:/ST/STM32CubeIDE_2.0.0/STM32CubeIDE/plugins/com.st.stm32cube.ide.mcu.externaltools.gnu-tools-for-stm32.13.3.rel1.win32_1.0.100.202509120712/tools/bin/../lib/gcc/arm-none-eabi/13.3.1/../../../../arm-none-eabi/lib/thumb/v7-m/nofp\libc_nano.a
LOAD C:/ST/STM32CubeIDE_2.0.0/STM32CubeIDE/plugins/com.st.stm32cube.ide.mcu.externaltools.gnu-tools-for-stm32.13.3.rel1.win32_1.0.100.202509120712/tools/bin/../lib/gcc/arm-none-eabi/13.3.1/../../../../arm-none-eabi/lib/thumb/v7-m/nofp\libnosys.a
END GROUP
LOAD C:/ST/STM32CubeIDE_2.0.0/STM32CubeIDE/plugins/com.st.stm32cube.ide.mcu.externaltools.gnu-tools-for-stm32.13.3.rel1.win32_1.0.100.202509120712/tools/bin/../lib/gcc/arm-none-eabi/13.3.1/thumb/v7-m/nofp/crtend.o
LOAD C:/ST/STM32CubeIDE_2.0.0/STM32CubeIDE/plugins/com.st.stm32cube.ide.mcu.externaltools.gnu-tools-for-stm32.13.3.rel1.win32_1.0.100.202509120712/tools/bin/../lib/gcc/arm-none-eabi/13.3.1/thumb/v7-m/nofp/crtn.o
                0x20005000                        _estack = (ORIGIN (RAM) + LENGTH (RAM))
                0x00000200                        _Min_Heap_Size = 0x200
                0x00000400                        _Min_Stack_Size = 0x400

.isr_vector     0x08000000      0x10c
                0x08000000                        . = ALIGN (0x4)
 *(.isr_vector)
 .isr_vector    0x08000000      0x10c ./Application/User/Startup/startup_stm32f103c8tx.o
                0x08000000                g_pfnVectors
                0x0800010c                        . = ALIGN (0x4)

.text           0x0800010c     0x2e18
                0x0800010c                        . = ALIGN (0x4)
 *(.text)
 .text          0x0800010c       0x40 C:/ST/STM32CubeIDE_2.0.0/STM32CubeIDE/plugins/com.st.stm32cube.ide.mcu.externaltools.gnu-tools-for-stm32.13.3.rel1.win32_1.0.100.202509120712/tools/bin/../lib/gcc/arm-none-eabi/13.3.1/thumb/v7-m/nofp/crtbegin.o
 *(.text*)
 .text.set_rgb  0x0800014c       0x38 ./Application/User/Core/main.o
                0x0800014c                set_rgb
 .text.main     0x08000184      0x178 ./Application/User/Core/main.o
                0x08000184                main
 .text.SystemClock_Config
                0x080002fc       0x76 ./Application/User/Core/main.o
                0x080002fc                SystemClock_Config
 *fill*         0x08000372        0x2 
 .text.MX_TIM2_Init
                0x08000374       0xf0 ./Application/User/Core/main.o
 .text.MX_TIM3_Init
                0x08000464       0xf4 ./Application/User/Core/main.o
 .text.MX_TIM4_Init
                0x08000558       0xf4 ./Application/User/Core/main.o
 .text.MX_USART3_UART_Init
                0x0800064c       0x54 ./Application/User/Core/main.o
 .text.MX_GPIO_Init
                0x080006a0      0x13c ./Application/User/Core/main.o
 .text.HAL_GPIO_EXTI_Callback
                0x080007dc       0x50 ./Application/User/Core/main.o
                0x080007dc                HAL_GPIO_EXTI_Callback
 .text.Error_Handler
                0x0800082c        0xc ./Application/User/Core/main.o
                0x0800082c                Error_Handler
 .text.HAL_MspInit
                0x08000838       0x64 ./Application/User/Core/stm32f1xx_hal_msp.o
                0x08000838                HAL_MspInit
 .text.HAL_TIM_PWM_MspInit
                0x0800089c       0x88 ./Application/User/Core/stm32f1xx_hal_msp.o
                0x0800089c                HAL_TIM_PWM_MspInit
 .text.HAL_TIM_MspPostInit
                0x08000924      0x118 ./Application/User/Core/stm32f1xx_hal_msp.o
                0x08000924                HAL_TIM_MspPostInit
 .text.HAL_UART_MspInit
                0x08000a3c       0xa8 ./Application/User/Core/stm32f1xx_hal_msp.o
                0x08000a3c                HAL_UART_MspInit
 .text.NMI_Handler
                0x08000ae4        0x8 ./Application/User/Core/stm32f1xx_it.o
                0x08000ae4                NMI_Handler
 .text.HardFault_Handler
                0x08000aec        0x8 ./Application/User/Core/stm32f1xx_it.o
                0x08000aec                HardFault_Handler
 .text.MemManage_Handler
                0x08000af4        0x8 ./Application/User/Core/stm32f1xx_it.o
                0x08000af4                MemManage_Handler
 .text.BusFault_Handler
                0x08000afc        0x8 ./Application/User/Core/stm32f1xx_it.o
                0x08000afc                BusFault_Handler
 .text.UsageFault_Handler
                0x08000b04        0x8 ./Application/User/Core/stm32f1xx_it.o
                0x08000b04                UsageFault_Handler
 .text.SVC_Handler
                0x08000b0c        0xc ./Application/User/Core/stm32f1xx_it.o
                0x08000b0c                SVC_Handler
 .text.DebugMon_Handler
                0x08000b18        0xc ./Application/User/Core/stm32f1xx_it.o
                0x08000b18                DebugMon_Handler
 .text.PendSV_Handler
                0x08000b24        0xc ./Application/User/Core/stm32f1xx_it.o
                0x08000b24                PendSV_Handler
 .text.SysTick_Handler
                0x08000b30        0xc ./Application/User/Core/stm32f1xx_it.o
                0x08000b30                SysTick_Handler
 .text.EXTI3_IRQHandler
                0x08000b3c        0xe ./Application/User/Core/stm32f1xx_it.o
                0x08000b3c                EXTI3_IRQHandler
 .text.EXTI4_IRQHandler
                0x08000b4a        0xe ./Application/User/Core/stm32f1xx_it.o
                0x08000b4a                EXTI4_IRQHandler
 .text.EXTI9_5_IRQHandler
                0x08000b58        0xe ./Application/User/Core/stm32f1xx_it.o
                0x08000b58                EXTI9_5_IRQHandler
 *fill*         0x08000b66        0x2 
 .text.USART3_IRQHandler
                0x08000b68       0x14 ./Application/User/Core/stm32f1xx_it.o
                0x08000b68                USART3_IRQHandler
 .text.EXTI15_10_IRQHandler
                0x08000b7c       0x10 ./Application/User/Core/stm32f1xx_it.o
                0x08000b7c                EXTI15_10_IRQHandler
 .text.Reset_Handler
                0x08000b8c       0x48 ./Application/User/Startup/startup_stm32f103c8tx.o
                0x08000b8c                Reset_Handler
 .text.Default_Handler
                0x08000bd4        0x2 ./Application/User/Startup/startup_stm32f103c8tx.o
                0x08000bd4                RTC_Alarm_IRQHandler
                0x08000bd4                EXTI2_IRQHandler
                0x08000bd4                TIM1_CC_IRQHandler
                0x08000bd4                PVD_IRQHandler
                0x08000bd4                EXTI0_IRQHandler
                0x08000bd4                I2C2_EV_IRQHandler
                0x08000bd4                ADC1_2_IRQHandler
                0x08000bd4                SPI1_IRQHandler
                0x08000bd4                TAMPER_IRQHandler
                0x08000bd4                DMA1_Channel4_IRQHandler
                0x08000bd4                RTC_IRQHandler
                0x08000bd4                DMA1_Channel7_IRQHandler
                0x08000bd4                CAN1_RX1_IRQHandler
                0x08000bd4                TIM4_IRQHandler
                0x08000bd4                I2C1_EV_IRQHandler
                0x08000bd4                DMA1_Channel6_IRQHandler
                0x08000bd4                TIM3_IRQHandler
                0x08000bd4                RCC_IRQHandler
                0x08000bd4                TIM1_TRG_COM_IRQHandler
                0x08000bd4                DMA1_Channel1_IRQHandler
                0x08000bd4                Default_Handler
                0x08000bd4                SPI2_IRQHandler
                0x08000bd4                DMA1_Channel5_IRQHandler
                0x08000bd4                USB_LP_CAN1_RX0_IRQHandler
                0x08000bd4                USB_HP_CAN1_TX_IRQHandler
                0x08000bd4                DMA1_Channel3_IRQHandler
                0x08000bd4                TIM1_UP_IRQHandler
                0x08000bd4                WWDG_IRQHandler
                0x08000bd4                TIM2_IRQHandler
                0x08000bd4                TIM1_BRK_IRQHandler
                0x08000bd4                EXTI1_IRQHandler
                0x08000bd4                USART2_IRQHandler
                0x08000bd4                I2C2_ER_IRQHandler
                0x08000bd4                DMA1_Channel2_IRQHandler
                0x08000bd4                CAN1_SCE_IRQHandler
                0x08000bd4                FLASH_IRQHandler
                0x08000bd4                USART1_IRQHandler
                0x08000bd4                I2C1_ER_IRQHandler
                0x08000bd4                USBWakeUp_IRQHandler
 .text.SystemInit
                0x08000bd6        0xc ./Drivers/CMSIS/system_stm32f1xx.o
                0x08000bd6                SystemInit
 *fill*         0x08000be2        0x2 
 .text.HAL_Init
                0x08000be4       0x2c ./Drivers/STM32F1xx_HAL_Driver/stm32f1xx_hal.o
                0x08000be4                HAL_Init
 .text.HAL_InitTick
                0x08000c10       0x60 ./Drivers/STM32F1xx_HAL_Driver/stm32f1xx_hal.o
                0x08000c10                HAL_InitTick
 .text.HAL_IncTick
                0x08000c70       0x24 ./Drivers/STM32F1xx_HAL_Driver/stm32f1xx_hal.o
                0x08000c70                HAL_IncTick
 .text.HAL_GetTick
                0x08000c94       0x14 ./Drivers/STM32F1xx_HAL_Driver/stm32f1xx_hal.o
                0x08000c94                HAL_GetTick
 .text.HAL_Delay
                0x08000ca8       0x48 ./Drivers/STM32F1xx_HAL_Driver/stm32f1xx_hal.o
                0x08000ca8                HAL_Delay
 .text.__NVIC_SetPriorityGrouping
                0x08000cf0       0x48 ./Drivers/STM32F1xx_HAL_Driver/stm32f1xx_hal_cortex.o
 .text.__NVIC_GetPriorityGrouping
                0x08000d38       0x1c ./Drivers/STM32F1xx_HAL_Driver/stm32f1xx_hal_cortex.o
 .text.__NVIC_EnableIRQ
                0x08000d54       0x38 ./Drivers/STM32F1xx_HAL_Driver/stm32f1xx_hal_cortex.o
 .text.__NVIC_SetPriority
                0x08000d8c       0x54 ./Drivers/STM32F1xx_HAL_Driver/stm32f1xx_hal_cortex.o
 .text.NVIC_EncodePriority
                0x08000de0       0x64 ./Drivers/STM32F1xx_HAL_Driver/stm32f1xx_hal_cortex.o
 .text.SysTick_Config
                0x08000e44       0x44 ./Drivers/STM32F1xx_HAL_Driver/stm32f1xx_hal_cortex.o
 .text.HAL_NVIC_SetPriorityGrouping
                0x08000e88       0x16 ./Drivers/STM32F1xx_HAL_Driver/stm32f1xx_hal_cortex.o
                0x08000e88                HAL_NVIC_SetPriorityGrouping
 .text.HAL_NVIC_SetPriority
                0x08000e9e       0x38 ./Drivers/STM32F1xx_HAL_Driver/stm32f1xx_hal_cortex.o
                0x08000e9e                HAL_NVIC_SetPriority
 .text.HAL_NVIC_EnableIRQ
                0x08000ed6       0x1c ./Drivers/STM32F1xx_HAL_Driver/stm32f1xx_hal_cortex.o
                0x08000ed6                HAL_NVIC_EnableIRQ
 .text.HAL_SYSTICK_Config
                0x08000ef2       0x18 ./Drivers/STM32F1xx_HAL_Driver/stm32f1xx_hal_cortex.o
                0x08000ef2                HAL_SYSTICK_Config
 .text.HAL_DMA_Abort
                0x08000f0a       0x76 ./Drivers/STM32F1xx_HAL_Driver/stm32f1xx_hal_dma.o
                0x08000f0a                HAL_DMA_Abort
 .text.HAL_DMA_Abort_IT
                0x08000f80       0xf0 ./Drivers/STM32F1xx_HAL_Driver/stm32f1xx_hal_dma.o
                0x08000f80                HAL_DMA_Abort_IT
 .text.HAL_GPIO_Init
                0x08001070      0x308 ./Drivers/STM32F1xx_HAL_Driver/stm32f1xx_hal_gpio.o
                0x08001070                HAL_GPIO_Init
 .text.HAL_GPIO_WritePin
                0x08001378       0x30 ./Drivers/STM32F1xx_HAL_Driver/stm32f1xx_hal_gpio.o
                0x08001378                HAL_GPIO_WritePin
 .text.HAL_GPIO_EXTI_IRQHandler
                0x080013a8       0x30 ./Drivers/STM32F1xx_HAL_Driver/stm32f1xx_hal_gpio.o
                0x080013a8                HAL_GPIO_EXTI_IRQHandler
 .text.HAL_RCC_OscConfig
                0x080013d8      0x504 ./Drivers/STM32F1xx_HAL_Driver/stm32f1xx_hal_rcc.o
                0x080013d8                HAL_RCC_OscConfig
 .text.HAL_RCC_ClockConfig
                0x080018dc      0x1d4 ./Drivers/STM32F1xx_HAL_Driver/stm32f1xx_hal_rcc.o
                0x080018dc                HAL_RCC_ClockConfig
 .text.HAL_RCC_GetSysClockFreq
                0x08001ab0       0xa8 ./Drivers/STM32F1xx_HAL_Driver/stm32f1xx_hal_rcc.o
                0x08001ab0                HAL_RCC_GetSysClockFreq
 .text.HAL_RCC_GetHCLKFreq
                0x08001b58       0x14 ./Drivers/STM32F1xx_HAL_Driver/stm32f1xx_hal_rcc.o
                0x08001b58                HAL_RCC_GetHCLKFreq
 .text.HAL_RCC_GetPCLK1Freq
                0x08001b6c       0x28 ./Drivers/STM32F1xx_HAL_Driver/stm32f1xx_hal_rcc.o
                0x08001b6c                HAL_RCC_GetPCLK1Freq
 .text.HAL_RCC_GetPCLK2Freq
                0x08001b94       0x28 ./Drivers/STM32F1xx_HAL_Driver/stm32f1xx_hal_rcc.o
                0x08001b94                HAL_RCC_GetPCLK2Freq
 .text.RCC_Delay
                0x08001bbc       0x3c ./Drivers/STM32F1xx_HAL_Driver/stm32f1xx_hal_rcc.o
 .text.HAL_TIM_PWM_Init
                0x08001bf8       0x9e ./Drivers/STM32F1xx_HAL_Driver/stm32f1xx_hal_tim.o
                0x08001bf8                HAL_TIM_PWM_Init
 *fill*         0x08001c96        0x2 
 .text.HAL_TIM_PWM_Start
                0x08001c98      0x144 ./Drivers/STM32F1xx_HAL_Driver/stm32f1xx_hal_tim.o
                0x08001c98                HAL_TIM_PWM_Start
 .text.HAL_TIM_PWM_ConfigChannel
                0x08001ddc      0x184 ./Drivers/STM32F1xx_HAL_Driver/stm32f1xx_hal_tim.o
                0x08001ddc                HAL_TIM_PWM_ConfigChannel
 .text.TIM_Base_SetConfig
                0x08001f60       0xdc ./Drivers/STM32F1xx_HAL_Driver/stm32f1xx_hal_tim.o
                0x08001f60                TIM_Base_SetConfig
 .text.TIM_OC1_SetConfig
                0x0800203c       0xcc ./Drivers/STM32F1xx_HAL_Driver/stm32f1xx_hal_tim.o
 .text.TIM_OC2_SetConfig
                0x08002108       0xd4 ./Drivers/STM32F1xx_HAL_Driver/stm32f1xx_hal_tim.o
                0x08002108                TIM_OC2_SetConfig
 .text.TIM_OC3_SetConfig
                0x080021dc       0xd4 ./Drivers/STM32F1xx_HAL_Driver/stm32f1xx_hal_tim.o
 .text.TIM_OC4_SetConfig
                0x080022b0       0x9c ./Drivers/STM32F1xx_HAL_Driver/stm32f1xx_hal_tim.o
 .text.TIM_CCxChannelCmd
                0x0800234c       0x48 ./Drivers/STM32F1xx_HAL_Driver/stm32f1xx_hal_tim.o
                0x0800234c                TIM_CCxChannelCmd
 .text.HAL_TIMEx_MasterConfigSynchronization
                0x08002394       0xbc ./Drivers/STM32F1xx_HAL_Driver/stm32f1xx_hal_tim_ex.o
                0x08002394                HAL_TIMEx_MasterConfigSynchronization
 .text.HAL_UART_Init
                0x08002450       0xa0 ./Drivers/STM32F1xx_HAL_Driver/stm32f1xx_hal_uart.o
                0x08002450                HAL_UART_Init
 .text.HAL_UART_IRQHandler
                0x080024f0      0x524 ./Drivers/STM32F1xx_HAL_Driver/stm32f1xx_hal_uart.o
                0x080024f0                HAL_UART_IRQHandler
 .text.HAL_UART_TxCpltCallback
                0x08002a14       0x12 ./Drivers/STM32F1xx_HAL_Driver/stm32f1xx_hal_uart.o
                0x08002a14                HAL_UART_TxCpltCallback
 .text.HAL_UART_RxCpltCallback
                0x08002a26       0x12 ./Drivers/STM32F1xx_HAL_Driver/stm32f1xx_hal_uart.o
                0x08002a26                HAL_UART_RxCpltCallback
 .text.HAL_UART_ErrorCallback
                0x08002a38       0x12 ./Drivers/STM32F1xx_HAL_Driver/stm32f1xx_hal_uart.o
                0x08002a38                HAL_UART_ErrorCallback
 .text.HAL_UARTEx_RxEventCallback
                0x08002a4a       0x16 ./Drivers/STM32F1xx_HAL_Driver/stm32f1xx_hal_uart.o
                0x08002a4a                HAL_UARTEx_RxEventCallback
 .text.UART_EndRxTransfer
                0x08002a60       0xc4 ./Drivers/STM32F1xx_HAL_Driver/stm32f1xx_hal_uart.o
 .text.UART_DMAAbortOnError
                0x08002b24       0x28 ./Drivers/STM32F1xx_HAL_Driver/stm32f1xx_hal_uart.o
 .text.UART_Transmit_IT
                0x08002b4c       0x9e ./Drivers/STM32F1xx_HAL_Driver/stm32f1xx_hal_uart.o
 .text.UART_EndTransmit_IT
                0x08002bea       0x30 ./Drivers/STM32F1xx_HAL_Driver/stm32f1xx_hal_uart.o
 .text.UART_Receive_IT
                0x08002c1a      0x17c ./Drivers/STM32F1xx_HAL_Driver/stm32f1xx_hal_uart.o
 *fill*         0x08002d96        0x2 
 .text.UART_SetConfig
                0x08002d98      0x11c ./Drivers/STM32F1xx_HAL_Driver/stm32f1xx_hal_uart.o
 .text.memset   0x08002eb4       0x10 C:/ST/STM32CubeIDE_2.0.0/STM32CubeIDE/plugins/com.st.stm32cube.ide.mcu.externaltools.gnu-tools-for-stm32.13.3.rel1.win32_1.0.100.202509120712/tools/bin/../lib/gcc/arm-none-eabi/13.3.1/../../../../arm-none-eabi/lib/thumb/v7-m/nofp\libc_nano.a(libc_a-memset.o)
                0x08002eb4                memset
 .text.__libc_init_array
                0x08002ec4       0x48 C:/ST/STM32CubeIDE_2.0.0/STM32CubeIDE/plugins/com.st.stm32cube.ide.mcu.externaltools.gnu-tools-for-stm32.13.3.rel1.win32_1.0.100.202509120712/tools/bin/../lib/gcc/arm-none-eabi/13.3.1/../../../../arm-none-eabi/lib/thumb/v7-m/nofp\libc_nano.a(libc_a-init.o)
                0x08002ec4                __libc_init_array
 *(.glue_7)
 .glue_7        0x08002f0c        0x0 linker stubs
 *(.glue_7t)
 .glue_7t       0x08002f0c        0x0 linker stubs
 *(.eh_frame)
 .eh_frame      0x08002f0c        0x0 C:/ST/STM32CubeIDE_2.0.0/STM32CubeIDE/plugins/com.st.stm32cube.ide.mcu.externaltools.gnu-tools-for-stm32.13.3.rel1.win32_1.0.100.202509120712/tools/bin/../lib/gcc/arm-none-eabi/13.3.1/thumb/v7-m/nofp/crtbegin.o
 *(.init)
 .init          0x08002f0c        0x4 C:/ST/STM32CubeIDE_2.0.0/STM32CubeIDE/plugins/com.st.stm32cube.ide.mcu.externaltools.gnu-tools-for-stm32.13.3.rel1.win32_1.0.100.202509120712/tools/bin/../lib/gcc/arm-none-eabi/13.3.1/thumb/v7-m/nofp/crti.o
                0x08002f0c                _init
 .init          0x08002f10        0x8 C:/ST/STM32CubeIDE_2.0.0/STM32CubeIDE/plugins/com.st.stm32cube.ide.mcu.externaltools.gnu-tools-for-stm32.13.3.rel1.win32_1.0.100.202509120712/tools/bin/../lib/gcc/arm-none-eabi/13.3.1/thumb/v7-m/nofp/crtn.o
 *(.fini)
 .fini          0x08002f18        0x4 C:/ST/STM32CubeIDE_2.0.0/STM32CubeIDE/plugins/com.st.stm32cube.ide.mcu.externaltools.gnu-tools-for-stm32.13.3.rel1.win32_1.0.100.202509120712/tools/bin/../lib/gcc/arm-none-eabi/13.3.1/thumb/v7-m/nofp/crti.o
                0x08002f18                _fini
 .fini          0x08002f1c        0x8 C:/ST/STM32CubeIDE_2.0.0/STM32CubeIDE/plugins/com.st.stm32cube.ide.mcu.externaltools.gnu-tools-for-stm32.13.3.rel1.win32_1.0.100.202509120712/tools/bin/../lib/gcc/arm-none-eabi/13.3.1/thumb/v7-m/nofp/crtn.o
                0x08002f24                        . = ALIGN (0x4)
                0x08002f24                        _etext = .

.vfp11_veneer   0x08002f24        0x0
 .vfp11_veneer  0x08002f24        0x0 linker stubs

.v4_bx          0x08002f24        0x0
 .v4_bx         0x08002f24        0x0 linker stubs

.iplt           0x08002f24        0x0
 .iplt          0x08002f24        0x0 C:/ST/STM32CubeIDE_2.0.0/STM32CubeIDE/plugins/com.st.stm32cube.ide.mcu.externaltools.gnu-tools-for-stm32.13.3.rel1.win32_1.0.100.202509120712/tools/bin/../lib/gcc/arm-none-eabi/13.3.1/thumb/v7-m/nofp/crtbegin.o

.rodata         0x08002f24       0x2c
                0x08002f24                        . = ALIGN (0x4)
 *(.rodata)
 *(.rodata*)
 .rodata.AHBPrescTable
                0x08002f24       0x10 ./Drivers/CMSIS/system_stm32f1xx.o
                0x08002f24                AHBPrescTable
 .rodata.APBPrescTable
                0x08002f34        0x8 ./Drivers/CMSIS/system_stm32f1xx.o
                0x08002f34                APBPrescTable
 .rodata.aPLLMULFactorTable.1
                0x08002f3c       0x10 ./Drivers/STM32F1xx_HAL_Driver/stm32f1xx_hal_rcc.o
 .rodata.aPredivFactorTable.0
                0x08002f4c        0x2 ./Drivers/STM32F1xx_HAL_Driver/stm32f1xx_hal_rcc.o
                0x08002f50                        . = ALIGN (0x4)
 *fill*         0x08002f4e        0x2 

.ARM.extab      0x08002f50        0x0
                0x08002f50                        . = ALIGN (0x4)
 *(.ARM.extab* .gnu.linkonce.armextab.*)
                0x08002f50                        . = ALIGN (0x4)

.ARM            0x08002f50        0x0
                0x08002f50                        . = ALIGN (0x4)
                0x08002f50                        __exidx_start = .
 *(.ARM.exidx*)
                0x08002f50                        __exidx_end = .
                0x08002f50                        . = ALIGN (0x4)

.preinit_array  0x08002f50        0x0
                0x08002f50                        . = ALIGN (0x4)
                0x08002f50                        PROVIDE (__preinit_array_start = .)
 *(.preinit_array*)
                0x08002f50                        PROVIDE (__preinit_array_end = .)
                0x08002f50                        . = ALIGN (0x4)

.init_array     0x08002f50        0x4
                0x08002f50                        . = ALIGN (0x4)
                0x08002f50                        PROVIDE (__init_array_start = .)
 *(SORT_BY_NAME(.init_array.*))
 *(.init_array*)
 .init_array    0x08002f50        0x4 C:/ST/STM32CubeIDE_2.0.0/STM32CubeIDE/plugins/com.st.stm32cube.ide.mcu.externaltools.gnu-tools-for-stm32.13.3.rel1.win32_1.0.100.202509120712/tools/bin/../lib/gcc/arm-none-eabi/13.3.1/thumb/v7-m/nofp/crtbegin.o
                0x08002f54                        PROVIDE (__init_array_end = .)
                0x08002f54                        . = ALIGN (0x4)

.fini_array     0x08002f54        0x4
                0x08002f54                        . = ALIGN (0x4)
                [!provide]                        PROVIDE (__fini_array_start = .)
 *(SORT_BY_NAME(.fini_array.*))
 *(.fini_array*)
 .fini_array    0x08002f54        0x4 C:/ST/STM32CubeIDE_2.0.0/STM32CubeIDE/plugins/com.st.stm32cube.ide.mcu.externaltools.gnu-tools-for-stm32.13.3.rel1.win32_1.0.100.202509120712/tools/bin/../lib/gcc/arm-none-eabi/13.3.1/thumb/v7-m/nofp/crtbegin.o
                [!provide]                        PROVIDE (__fini_array_end = .)
                0x08002f58                        . = ALIGN (0x4)
                0x08002f58                        _sidata = LOADADDR (.data)

.rel.dyn        0x08002f58        0x0
 .rel.iplt      0x08002f58        0x0 C:/ST/STM32CubeIDE_2.0.0/STM32CubeIDE/plugins/com.st.stm32cube.ide.mcu.externaltools.gnu-tools-for-stm32.13.3.rel1.win32_1.0.100.202509120712/tools/bin/../lib/gcc/arm-none-eabi/13.3.1/thumb/v7-m/nofp/crtbegin.o

.data           0x20000000        0xc load address 0x08002f58
                0x20000000                        . = ALIGN (0x4)
                0x20000000                        _sdata = .
 *(.data)
 *(.data*)
 .data.SystemCoreClock
                0x20000000        0x4 ./Drivers/CMSIS/system_stm32f1xx.o
                0x20000000                SystemCoreClock
 .data.uwTickPrio
                0x20000004        0x4 ./Drivers/STM32F1xx_HAL_Driver/stm32f1xx_hal.o
                0x20000004                uwTickPrio
 .data.uwTickFreq
                0x20000008        0x1 ./Drivers/STM32F1xx_HAL_Driver/stm32f1xx_hal.o
                0x20000008                uwTickFreq
 *(.RamFunc)
 *(.RamFunc*)
                0x2000000c                        . = ALIGN (0x4)
 *fill*         0x20000009        0x3 
                0x2000000c                        _edata = .

.igot.plt       0x2000000c        0x0 load address 0x08002f64
 .igot.plt      0x2000000c        0x0 C:/ST/STM32CubeIDE_2.0.0/STM32CubeIDE/plugins/com.st.stm32cube.ide.mcu.externaltools.gnu-tools-for-stm32.13.3.rel1.win32_1.0.100.202509120712/tools/bin/../lib/gcc/arm-none-eabi/13.3.1/thumb/v7-m/nofp/crtbegin.o
                0x2000000c                        . = ALIGN (0x4)

.bss            0x2000000c      0x14c load address 0x08002f64
                0x2000000c                        _sbss = .
                0x2000000c                        __bss_start__ = _sbss
 *(.bss)
 .bss           0x2000000c       0x1c C:/ST/STM32CubeIDE_2.0.0/STM32CubeIDE/plugins/com.st.stm32cube.ide.mcu.externaltools.gnu-tools-for-stm32.13.3.rel1.win32_1.0.100.202509120712/tools/bin/../lib/gcc/arm-none-eabi/13.3.1/thumb/v7-m/nofp/crtbegin.o
 *(.bss*)
 .bss.onboard_led
                0x20000028        0x1 ./Application/User/Core/main.o
                0x20000028                onboard_led
 *fill*         0x20000029        0x3 
 .bss.htim2     0x2000002c       0x48 ./Application/User/Core/main.o
                0x2000002c                htim2
 .bss.htim3     0x20000074       0x48 ./Application/User/Core/main.o
                0x20000074                htim3
 .bss.htim4     0x200000bc       0x48 ./Application/User/Core/main.o
                0x200000bc                htim4
 .bss.huart3    0x20000104       0x48 ./Application/User/Core/main.o
                0x20000104                huart3
 .bss.hue.1     0x2000014c        0x1 ./Application/User/Core/main.o
 *fill*         0x2000014d        0x3 
 .bss.last_tick.0
                0x20000150        0x4 ./Application/User/Core/main.o
 .bss.uwTick    0x20000154        0x4 ./Drivers/STM32F1xx_HAL_Driver/stm32f1xx_hal.o
                0x20000154                uwTick
 *(COMMON)
                0x20000158                        . = ALIGN (0x4)
                0x20000158                        _ebss = .
                0x20000158                        __bss_end__ = _ebss

._user_heap_stack
                0x20000158      0x600 load address 0x08002f64
                0x20000158                        . = ALIGN (0x8)
                [!provide]                        PROVIDE (end = .)
                0x20000158                        PROVIDE (_end = .)
                0x20000358                        . = (. + _Min_Heap_Size)
 *fill*         0x20000158      0x200 
                0x20000758                        . = (. + _Min_Stack_Size)
 *fill*         0x20000358      0x400 
                0x20000758                        . = ALIGN (0x8)

/DISCARD/
 libc.a(*)
 libm.a(*)
 libgcc.a(*)

.ARM.attributes
                0x00000000       0x29
 *(.ARM.attributes)
 .ARM.attributes
                0x00000000       0x1d C:/ST/STM32CubeIDE_2.0.0/STM32CubeIDE/plugins/com.st.stm32cube.ide.mcu.externaltools.gnu-tools-for-stm32.13.3.rel1.win32_1.0.100.202509120712/tools/bin/../lib/gcc/arm-none-eabi/13.3.1/thumb/v7-m/nofp/crti.o
 .ARM.attributes
                0x0000001d       0x2d C:/ST/STM32CubeIDE_2.0.0/STM32CubeIDE/plugins/com.st.stm32cube.ide.mcu.externaltools.gnu-tools-for-stm32.13.3.rel1.win32_1.0.100.202509120712/tools/bin/../lib/gcc/arm-none-eabi/13.3.1/thumb/v7-m/nofp/crtbegin.o
 .ARM.attributes
                0x0000004a       0x2d ./Application/User/Core/main.o
 .ARM.attributes
                0x00000077       0x2d ./Application/User/Core/stm32f1xx_hal_msp.o
 .ARM.attributes
                0x000000a4       0x2d ./Application/User/Core/stm32f1xx_it.o
 .ARM.attributes
                0x000000d1       0x21 ./Application/User/Startup/startup_stm32f103c8tx.o
 .ARM.attributes
                0x000000f2       0x2d ./Drivers/CMSIS/system_stm32f1xx.o
 .ARM.attributes
                0x0000011f       0x2d ./Drivers/STM32F1xx_HAL_Driver/stm32f1xx_hal.o
 .ARM.attributes
                0x0000014c       0x2d ./Drivers/STM32F1xx_HAL_Driver/stm32f1xx_hal_cortex.o
 .ARM.attributes
                0x00000179       0x2d ./Drivers/STM32F1xx_HAL_Driver/stm32f1xx_hal_dma.o
 .ARM.attributes
                0x000001a6       0x2d ./Drivers/STM32F1xx_HAL_Driver/stm32f1xx_hal_gpio.o
 .ARM.attributes
                0x000001d3       0x2d ./Drivers/STM32F1xx_HAL_Driver/stm32f1xx_hal_rcc.o
 .ARM.attributes
                0x00000200       0x2d ./Drivers/STM32F1xx_HAL_Driver/stm32f1xx_hal_tim.o
 .ARM.attributes
                0x0000022d       0x2d ./Drivers/STM32F1xx_HAL_Driver/stm32f1xx_hal_tim_ex.o
 .ARM.attributes
                0x0000025a       0x2d ./Drivers/STM32F1xx_HAL_Driver/stm32f1xx_hal_uart.o
 .ARM.attributes
                0x00000287       0x2d C:/ST/STM32CubeIDE_2.0.0/STM32CubeIDE/plugins/com.st.stm32cube.ide.mcu.externaltools.gnu-tools-for-stm32.13.3.rel1.win32_1.0.100.202509120712/tools/bin/../lib/gcc/arm-none-eabi/13.3.1/../../../../arm-none-eabi/lib/thumb/v7-m/nofp\libc_nano.a(libc_a-memset.o)
 .ARM.attributes
                0x000002b4       0x2d C:/ST/STM32CubeIDE_2.0.0/STM32CubeIDE/plugins/com.st.stm32cube.ide.mcu.externaltools.gnu-tools-for-stm32.13.3.rel1.win32_1.0.100.202509120712/tools/bin/../lib/gcc/arm-none-eabi/13.3.1/../../../../arm-none-eabi/lib/thumb/v7-m/nofp\libc_nano.a(libc_a-init.o)
 .ARM.attributes
                0x000002e1       0x1d C:/ST/STM32CubeIDE_2.0.0/STM32CubeIDE/plugins/com.st.stm32cube.ide.mcu.externaltools.gnu-tools-for-stm32.13.3.rel1.win32_1.0.100.202509120712/tools/bin/../lib/gcc/arm-none-eabi/13.3.1/thumb/v7-m/nofp/crtn.o
OUTPUT(TheGridTesting.elf elf32-littlearm)
LOAD linker stubs
LOAD C:/ST/STM32CubeIDE_2.0.0/STM32CubeIDE/plugins/com.st.stm32cube.ide.mcu.externaltools.gnu-tools-for-stm32.13.3.rel1.win32_1.0.100.202509120712/tools/bin/../lib/gcc/arm-none-eabi/13.3.1/../../../../arm-none-eabi/lib/thumb/v7-m/nofp\libc.a
LOAD C:/ST/STM32CubeIDE_2.0.0/STM32CubeIDE/plugins/com.st.stm32cube.ide.mcu.externaltools.gnu-tools-for-stm32.13.3.rel1.win32_1.0.100.202509120712/tools/bin/../lib/gcc/arm-none-eabi/13.3.1/../../../../arm-none-eabi/lib/thumb/v7-m/nofp\libm.a
LOAD C:/ST/STM32CubeIDE_2.0.0/STM32CubeIDE/plugins/com.st.stm32cube.ide.mcu.externaltools.gnu-tools-for-stm32.13.3.rel1.win32_1.0.100.202509120712/tools/bin/../lib/gcc/arm-none-eabi/13.3.1/thumb/v7-m/nofp\libgcc.a

.debug_info     0x00000000     0xbac4
 .debug_info    0x00000000     0x1169 ./Application/User/Core/main.o
 .debug_info    0x00001169      0xe0b ./Application/User/Core/stm32f1xx_hal_msp.o
 .debug_info    0x00001f74      0x640 ./Application/User/Core/stm32f1xx_it.o
 .debug_info    0x000025b4       0x30 ./Application/User/Startup/startup_stm32f103c8tx.o
 .debug_info    0x000025e4      0x222 ./Drivers/CMSIS/system_stm32f1xx.o
 .debug_info    0x00002806      0x704 ./Drivers/STM32F1xx_HAL_Driver/stm32f1xx_hal.o
 .debug_info    0x00002f0a      0xa87 ./Drivers/STM32F1xx_HAL_Driver/stm32f1xx_hal_cortex.o
 .debug_info    0x00003991      0x6d2 ./Drivers/STM32F1xx_HAL_Driver/stm32f1xx_hal_dma.o
 .debug_info    0x00004063      0x5ab ./Drivers/STM32F1xx_HAL_Driver/stm32f1xx_hal_gpio.o
 .debug_info    0x0000460e      0x7d5 ./Drivers/STM32F1xx_HAL_Driver/stm32f1xx_hal_rcc.o
 .debug_info    0x00004de3     0x2959 ./Drivers/STM32F1xx_HAL_Driver/stm32f1xx_hal_tim.o
 .debug_info    0x0000773c     0x149b ./Drivers/STM32F1xx_HAL_Driver/stm32f1xx_hal_tim_ex.o
 .debug_info    0x00008bd7     0x2eed ./Drivers/STM32F1xx_HAL_Driver/stm32f1xx_hal_uart.o

.debug_abbrev   0x00000000     0x1bdc
 .debug_abbrev  0x00000000      0x32a ./Application/User/Core/main.o
 .debug_abbrev  0x0000032a      0x239 ./Application/User/Core/stm32f1xx_hal_msp.o
 .debug_abbrev  0x00000563      0x1a4 ./Application/User/Core/stm32f1xx_it.o
 .debug_abbrev  0x00000707       0x24 ./Application/User/Startup/startup_stm32f103c8tx.o
 .debug_abbrev  0x0000072b      0x13f ./Drivers/CMSIS/system_stm32f1xx.o
 .debug_abbrev  0x0000086a      0x201 ./Drivers/STM32F1xx_HAL_Driver/stm32f1xx_hal.o
 .debug_abbrev  0x00000a6b      0x2f8 ./Drivers/STM32F1xx_HAL_Driver/stm32f1xx_hal_cortex.o
 .debug_abbrev  0x00000d63      0x20b ./Drivers/STM32F1xx_HAL_Driver/stm32f1xx_hal_dma.o
 .debug_abbrev  0x00000f6e      0x1ca ./Drivers/STM32F1xx_HAL_Driver/stm32f1xx_hal_gpio.o
 .debug_abbrev  0x00001138      0x2b3 ./Drivers/STM32F1xx_HAL_Driver/stm32f1xx_hal_rcc.o
 .debug_abbrev  0x000013eb      0x277 ./Drivers/STM32F1xx_HAL_Driver/stm32f1xx_hal_tim.o
 .debug_abbrev  0x00001662      0x282 ./Drivers/STM32F1xx_HAL_Driver/stm32f1xx_hal_tim_ex.o
 .debug_abbrev  0x000018e4      0x2f8 ./Drivers/STM32F1xx_HAL_Driver/stm32f1xx_hal_uart.o

.debug_aranges  0x00000000      0xc10
 .debug_aranges
                0x00000000       0x68 ./Application/User/Core/main.o
 .debug_aranges
                0x00000068       0x48 ./Application/User/Core/stm32f1xx_hal_msp.o
 .debug_aranges
                0x000000b0       0x88 ./Application/User/Core/stm32f1xx_it.o
 .debug_aranges
                0x00000138       0x28 ./Application/User/Startup/startup_stm32f103c8tx.o
 .debug_aranges
                0x00000160       0x28 ./Drivers/CMSIS/system_stm32f1xx.o
 .debug_aranges
                0x00000188       0xe0 ./Drivers/STM32F1xx_HAL_Driver/stm32f1xx_hal.o
 .debug_aranges
                0x00000268      0x100 ./Drivers/STM32F1xx_HAL_Driver/stm32f1xx_hal_cortex.o
 .debug_aranges
                0x00000368       0x80 ./Drivers/STM32F1xx_HAL_Driver/stm32f1xx_hal_dma.o
 .debug_aranges
                0x000003e8       0x58 ./Drivers/STM32F1xx_HAL_Driver/stm32f1xx_hal_gpio.o
 .debug_aranges
                0x00000440       0x90 ./Drivers/STM32F1xx_HAL_Driver/stm32f1xx_hal_rcc.o
 .debug_aranges
                0x000004d0      0x3d0 ./Drivers/STM32F1xx_HAL_Driver/stm32f1xx_hal_tim.o
 .debug_aranges
                0x000008a0      0x168 ./Drivers/STM32F1xx_HAL_Driver/stm32f1xx_hal_tim_ex.o
 .debug_aranges
                0x00000a08      0x208 ./Drivers/STM32F1xx_HAL_Driver/stm32f1xx_hal_uart.o

.debug_rnglists
                0x00000000      0x97e
 .debug_rnglists
                0x00000000       0x4e ./Application/User/Core/main.o
 .debug_rnglists
                0x0000004e       0x34 ./Application/User/Core/stm32f1xx_hal_msp.o
 .debug_rnglists
                0x00000082       0x61 ./Application/User/Core/stm32f1xx_it.o
 .debug_rnglists
                0x000000e3       0x19 ./Application/User/Startup/startup_stm32f103c8tx.o
 .debug_rnglists
                0x000000fc       0x1a ./Drivers/CMSIS/system_stm32f1xx.o
 .debug_rnglists
                0x00000116       0xa3 ./Drivers/STM32F1xx_HAL_Driver/stm32f1xx_hal.o
 .debug_rnglists
                0x000001b9       0xbb ./Drivers/STM32F1xx_HAL_Driver/stm32f1xx_hal_cortex.o
 .debug_rnglists
                0x00000274       0x64 ./Drivers/STM32F1xx_HAL_Driver/stm32f1xx_hal_dma.o
 .debug_rnglists
                0x000002d8       0x3f ./Drivers/STM32F1xx_HAL_Driver/stm32f1xx_hal_gpio.o
 .debug_rnglists
                0x00000317       0x6c ./Drivers/STM32F1xx_HAL_Driver/stm32f1xx_hal_rcc.o
 .debug_rnglists
                0x00000383      0x31a ./Drivers/STM32F1xx_HAL_Driver/stm32f1xx_hal_tim.o
 .debug_rnglists
                0x0000069d      0x125 ./Drivers/STM32F1xx_HAL_Driver/stm32f1xx_hal_tim_ex.o
 .debug_rnglists
                0x000007c2      0x1bc ./Drivers/STM32F1xx_HAL_Driver/stm32f1xx_hal_uart.o

.debug_macro    0x00000000    0x16c65
 .debug_macro   0x00000000      0x1ad ./Application/User/Core/main.o
 .debug_macro   0x000001ad      0xacc ./Application/User/Core/main.o
 .debug_macro   0x00000c79      0x21b ./Application/User/Core/main.o
 .debug_macro   0x00000e94       0x2e ./Application/User/Core/main.o
 .debug_macro   0x00000ec2       0x22 ./Application/User/Core/main.o
 .debug_macro   0x00000ee4       0x22 ./Application/User/Core/main.o
 .debug_macro   0x00000f06       0x8e ./Application/User/Core/main.o
 .debug_macro   0x00000f94       0x51 ./Application/User/Core/main.o
 .debug_macro   0x00000fe5      0x103 ./Application/User/Core/main.o
 .debug_macro   0x000010e8       0x6a ./Application/User/Core/main.o
 .debug_macro   0x00001152      0x1df ./Application/User/Core/main.o
 .debug_macro   0x00001331       0x1c ./Application/User/Core/main.o
 .debug_macro   0x0000134d       0x22 ./Application/User/Core/main.o
 .debug_macro   0x0000136f       0xbd ./Application/User/Core/main.o
 .debug_macro   0x0000142c      0xd23 ./Application/User/Core/main.o
 .debug_macro   0x0000214f     0xe09e ./Application/User/Core/main.o
 .debug_macro   0x000101ed       0x6d ./Application/User/Core/main.o
 .debug_macro   0x0001025a     0x34a2 ./Application/User/Core/main.o
 .debug_macro   0x000136fc      0x190 ./Application/User/Core/main.o
 .debug_macro   0x0001388c       0x5c ./Application/User/Core/main.o
 .debug_macro   0x000138e8      0x5bc ./Application/User/Core/main.o
 .debug_macro   0x00013ea4      0x289 ./Application/User/Core/main.o
 .debug_macro   0x0001412d      0x1cb ./Application/User/Core/main.o
 .debug_macro   0x000142f8      0x114 ./Application/User/Core/main.o
 .debug_macro   0x0001440c      0x1b2 ./Application/User/Core/main.o
 .debug_macro   0x000145be       0x27 ./Application/User/Core/main.o
 .debug_macro   0x000145e5      0x136 ./Application/User/Core/main.o
 .debug_macro   0x0001471b      0x1bc ./Application/User/Core/main.o
 .debug_macro   0x000148d7       0x34 ./Application/User/Core/main.o
 .debug_macro   0x0001490b       0x3c ./Application/User/Core/main.o
 .debug_macro   0x00014947       0x57 ./Application/User/Core/main.o
 .debug_macro   0x0001499e       0x87 ./Application/User/Core/main.o
 .debug_macro   0x00014a25      0x240 ./Application/User/Core/main.o
 .debug_macro   0x00014c65      0x140 ./Application/User/Core/main.o
 .debug_macro   0x00014da5      0x8ed ./Application/User/Core/main.o
 .debug_macro   0x00015692      0x28e ./Application/User/Core/main.o
 .debug_macro   0x00015920       0x83 ./Application/User/Core/main.o
 .debug_macro   0x000159a3      0x1ad ./Application/User/Core/stm32f1xx_hal_msp.o
 .debug_macro   0x00015b50      0x1b7 ./Application/User/Core/stm32f1xx_it.o
 .debug_macro   0x00015d07      0x1a3 ./Drivers/CMSIS/system_stm32f1xx.o
 .debug_macro   0x00015eaa      0x1c7 ./Drivers/STM32F1xx_HAL_Driver/stm32f1xx_hal.o
 .debug_macro   0x00016071      0x1a3 ./Drivers/STM32F1xx_HAL_Driver/stm32f1xx_hal_cortex.o
 .debug_macro   0x00016214      0x1a3 ./Drivers/STM32F1xx_HAL_Driver/stm32f1xx_hal_dma.o
 .debug_macro   0x000163b7      0x20e ./Drivers/STM32F1xx_HAL_Driver/stm32f1xx_hal_gpio.o
 .debug_macro   0x000165c5      0x1b5 ./Drivers/STM32F1xx_HAL_Driver/stm32f1xx_hal_rcc.o
 .debug_macro   0x0001677a      0x1a4 ./Drivers/STM32F1xx_HAL_Driver/stm32f1xx_hal_tim.o
 .debug_macro   0x0001691e      0x1a3 ./Drivers/STM32F1xx_HAL_Driver/stm32f1xx_hal_tim_ex.o
 .debug_macro   0x00016ac1      0x1a4 ./Drivers/STM32F1xx_HAL_Driver/stm32f1xx_hal_uart.o

.debug_line     0x00000000     0xd54a
 .debug_line    0x00000000      0xae4 ./Application/User/Core/main.o
 .debug_line    0x00000ae4      0x8b0 ./Application/User/Core/stm32f1xx_hal_msp.o
 .debug_line    0x00001394      0x897 ./Application/User/Core/stm32f1xx_it.o
 .debug_line    0x00001c2b       0x78 ./Application/User/Startup/startup_stm32f103c8tx.o
 .debug_line    0x00001ca3      0x7ef ./Drivers/CMSIS/system_stm32f1xx.o
 .debug_line    0x00002492      0xa20 ./Drivers/STM32F1xx_HAL_Driver/stm32f1xx_hal.o
 .debug_line    0x00002eb2      0xbea ./Drivers/STM32F1xx_HAL_Driver/stm32f1xx_hal_cortex.o
 .debug_line    0x00003a9c      0xe2a ./Drivers/STM32F1xx_HAL_Driver/stm32f1xx_hal_dma.o
 .debug_line    0x000048c6      0xa7d ./Drivers/STM32F1xx_HAL_Driver/stm32f1xx_hal_gpio.o
 .debug_line    0x00005343      0xed9 ./Drivers/STM32F1xx_HAL_Driver/stm32f1xx_hal_rcc.o
 .debug_line    0x0000621c     0x350e ./Drivers/STM32F1xx_HAL_Driver/stm32f1xx_hal_tim.o
 .debug_line    0x0000972a     0x18e4 ./Drivers/STM32F1xx_HAL_Driver/stm32f1xx_hal_tim_ex.o
 .debug_line    0x0000b00e     0x253c ./Drivers/STM32F1xx_HAL_Driver/stm32f1xx_hal_uart.o

.debug_str      0x00000000    0x86e2c
 .debug_str     0x00000000    0x86e2c ./Application/User/Core/main.o
                              0x845d9 (size before relaxing)
 .debug_str     0x00086e2c        0x0 ./Application/User/Core/stm32f1xx_hal_msp.o
                              0x842d9 (size before relaxing)
 .debug_str     0x00086e2c        0x0 ./Application/User/Core/stm32f1xx_it.o
                              0x83cc3 (size before relaxing)
 .debug_str     0x00086e2c        0x0 ./Application/User/Startup/startup_stm32f103c8tx.o
                                 0xc7 (size before relaxing)
 .debug_str     0x00086e2c        0x0 ./Drivers/CMSIS/system_stm32f1xx.o
                              0x8383b (size before relaxing)
 .debug_str     0x00086e2c        0x0 ./Drivers/STM32F1xx_HAL_Driver/stm32f1xx_hal.o
                              0x83f6e (size before relaxing)
 .debug_str     0x00086e2c        0x0 ./Drivers/STM32F1xx_HAL_Driver/stm32f1xx_hal_cortex.o
                              0x83eba (size before relaxing)
 .debug_str     0x00086e2c        0x0 ./Drivers/STM32F1xx_HAL_Driver/stm32f1xx_hal_dma.o
                              0x83be4 (size before relaxing)
 .debug_str     0x00086e2c        0x0 ./Drivers/STM32F1xx_HAL_Driver/stm32f1xx_hal_gpio.o
                              0x83bc1 (size before relaxing)
 .debug_str     0x00086e2c        0x0 ./Drivers/STM32F1xx_HAL_Driver/stm32f1xx_hal_rcc.o
                              0x83c6a (size before relaxing)
 .debug_str     0x00086e2c        0x0 ./Drivers/STM32F1xx_HAL_Driver/stm32f1xx_hal_tim.o
                              0x84c6c (size before relaxing)
 .debug_str     0x00086e2c        0x0 ./Drivers/STM32F1xx_HAL_Driver/stm32f1xx_hal_tim_ex.o
                              0x84478 (size before relaxing)
 .debug_str     0x00086e2c        0x0 ./Drivers/STM32F1xx_HAL_Driver/stm32f1xx_hal_uart.o
                              0x842db (size before relaxing)

.comment        0x00000000       0x43
 .comment       0x00000000       0x43 ./Application/User/Core/main.o
                                 0x44 (size before relaxing)
 .comment       0x00000043        0x0 ./Application/User/Core/stm32f1xx_hal_msp.o
                                 0x44 (size before relaxing)
 .comment       0x00000043        0x0 ./Application/User/Core/stm32f1xx_it.o
                                 0x44 (size before relaxing)
 .comment       0x00000043        0x0 ./Drivers/CMSIS/system_stm32f1xx.o
                                 0x44 (size before relaxing)
 .comment       0x00000043        0x0 ./Drivers/STM32F1xx_HAL_Driver/stm32f1xx_hal.o
                                 0x44 (size before relaxing)
 .comment       0x00000043        0x0 ./Drivers/STM32F1xx_HAL_Driver/stm32f1xx_hal_cortex.o
                                 0x44 (size before relaxing)
 .comment       0x00000043        0x0 ./Drivers/STM32F1xx_HAL_Driver/stm32f1xx_hal_dma.o
                                 0x44 (size before relaxing)
 .comment       0x00000043        0x0 ./Drivers/STM32F1xx_HAL_Driver/stm32f1xx_hal_gpio.o
                                 0x44 (size before relaxing)
 .comment       0x00000043        0x0 ./Drivers/STM32F1xx_HAL_Driver/stm32f1xx_hal_rcc.o
                                 0x44 (size before relaxing)
 .comment       0x00000043        0x0 ./Drivers/STM32F1xx_HAL_Driver/stm32f1xx_hal_tim.o
                                 0x44 (size before relaxing)
 .comment       0x00000043        0x0 ./Drivers/STM32F1xx_HAL_Driver/stm32f1xx_hal_tim_ex.o
                                 0x44 (size before relaxing)
 .comment       0x00000043        0x0 ./Drivers/STM32F1xx_HAL_Driver/stm32f1xx_hal_uart.o
                                 0x44 (size before relaxing)

.debug_frame    0x00000000     0x3288
 .debug_frame   0x00000000      0x164 ./Application/User/Core/main.o
 .debug_frame   0x00000164       0xf4 ./Application/User/Core/stm32f1xx_hal_msp.o
 .debug_frame   0x00000258      0x190 ./Application/User/Core/stm32f1xx_it.o
 .debug_frame   0x000003e8       0x58 ./Drivers/CMSIS/system_stm32f1xx.o
 .debug_frame   0x00000440      0x334 ./Drivers/STM32F1xx_HAL_Driver/stm32f1xx_hal.o
 .debug_frame   0x00000774      0x428 ./Drivers/STM32F1xx_HAL_Driver/stm32f1xx_hal_cortex.o
 .debug_frame   0x00000b9c      0x208 ./Drivers/STM32F1xx_HAL_Driver/stm32f1xx_hal_dma.o
 .debug_frame   0x00000da4      0x14c ./Drivers/STM32F1xx_HAL_Driver/stm32f1xx_hal_gpio.o
 .debug_frame   0x00000ef0      0x218 ./Drivers/STM32F1xx_HAL_Driver/stm32f1xx_hal_rcc.o
 .debug_frame   0x00001108     0x11b8 ./Drivers/STM32F1xx_HAL_Driver/stm32f1xx_hal_tim.o
 .debug_frame   0x000022c0      0x638 ./Drivers/STM32F1xx_HAL_Driver/stm32f1xx_hal_tim_ex.o
 .debug_frame   0x000028f8      0x944 ./Drivers/STM32F1xx_HAL_Driver/stm32f1xx_hal_uart.o
 .debug_frame   0x0000323c       0x20 C:/ST/STM32CubeIDE_2.0.0/STM32CubeIDE/plugins/com.st.stm32cube.ide.mcu.externaltools.gnu-tools-for-stm32.13.3.rel1.win32_1.0.100.202509120712/tools/bin/../lib/gcc/arm-none-eabi/13.3.1/../../../../arm-none-eabi/lib/thumb/v7-m/nofp\libc_nano.a(libc_a-memset.o)
 .debug_frame   0x0000325c       0x2c C:/ST/STM32CubeIDE_2.0.0/STM32CubeIDE/plugins/com.st.stm32cube.ide.mcu.externaltools.gnu-tools-for-stm32.13.3.rel1.win32_1.0.100.202509120712/tools/bin/../lib/gcc/arm-none-eabi/13.3.1/../../../../arm-none-eabi/lib/thumb/v7-m/nofp\libc_nano.a(libc_a-init.o)

.debug_line_str
                0x00000000       0xab
 .debug_line_str
                0x00000000       0xab ./Application/User/Startup/startup_stm32f103c8tx.o
