../Core/Src/main.c:124:6:command_led_1	1
../Core/Src/main.c:134:6:command_led_2	1
../Core/Src/main.c:144:6:command_led_3	1
../Core/Src/main.c:154:6:command_led_4	1
../Core/Src/main.c:170:5:main	33
../Core/Src/main.c:357:6:SystemClock_Config	3
../Core/Src/main.c:397:13:MX_TIM1_Init	4
../Core/Src/main.c:443:13:MX_TIM2_Init	7
../Core/Src/main.c:504:13:MX_TIM3_Init	7
../Core/Src/main.c:565:13:MX_TIM4_Init	7
../Core/Src/main.c:626:13:MX_USART3_UART_Init	2
../Core/Src/main.c:656:13:MX_DMA_Init	1
../Core/Src/main.c:674:13:MX_GPIO_Init	1
../Core/Src/main.c:728:6:HAL_UART_ErrorCallback	1
../Core/Src/main.c:735:6:HAL_UART_RxCpltCallback	5
../Core/Src/main.c:776:6:HAL_UART_TxCpltCallback	1
../Core/Src/main.c:781:6:HAL_GPIO_EXTI_Callback	5
../Core/Src/main.c:807:6:Error_Handler	1
