../Core/Src/main.c:123:6:command_led_1	1
../Core/Src/main.c:133:6:command_led_2	1
../Core/Src/main.c:143:6:command_led_3	1
../Core/Src/main.c:153:6:command_led_4	1
../Core/Src/main.c:169:5:main	32
../Core/Src/main.c:354:6:SystemClock_Config	3
../Core/Src/main.c:394:13:MX_TIM1_Init	4
../Core/Src/main.c:440:13:MX_TIM2_Init	7
../Core/Src/main.c:501:13:MX_TIM3_Init	7
../Core/Src/main.c:562:13:MX_TIM4_Init	7
../Core/Src/main.c:623:13:MX_USART3_UART_Init	2
../Core/Src/main.c:653:13:MX_DMA_Init	1
../Core/Src/main.c:671:13:MX_GPIO_Init	1
../Core/Src/main.c:725:6:HAL_UART_ErrorCallback	1
../Core/Src/main.c:732:6:HAL_UART_RxCpltCallback	5
../Core/Src/main.c:773:6:HAL_UART_TxCpltCallback	1
../Core/Src/main.c:778:6:HAL_GPIO_EXTI_Callback	5
../Core/Src/main.c:804:6:Error_Handler	1
