../Core/Src/main.c:124:6:command_led_1	16	static
../Core/Src/main.c:134:6:command_led_2	16	static
../Core/Src/main.c:144:6:command_led_3	16	static
../Core/Src/main.c:154:6:command_led_4	16	static
../Core/Src/main.c:170:5:main	24	static
../Core/Src/main.c:357:6:SystemClock_Config	72	static
../Core/Src/main.c:397:13:MX_TIM1_Init	32	static
../Core/Src/main.c:443:13:MX_TIM2_Init	48	static
../Core/Src/main.c:504:13:MX_TIM3_Init	48	static
../Core/Src/main.c:565:13:MX_TIM4_Init	48	static
../Core/Src/main.c:626:13:MX_USART3_UART_Init	8	static
../Core/Src/main.c:656:13:MX_DMA_Init	16	static
../Core/Src/main.c:674:13:MX_GPIO_Init	40	static
../Core/Src/main.c:728:6:HAL_UART_ErrorCallback	24	static
../Core/Src/main.c:735:6:HAL_UART_RxCpltCallback	16	static
../Core/Src/main.c:776:6:HAL_UART_TxCpltCallback	16	static
../Core/Src/main.c:781:6:HAL_GPIO_EXTI_Callback	16	static
../Core/Src/main.c:807:6:Error_Handler	4	static,ignoring_inline_asm
