../Core/Src/main.c:90:6:set_rgb	16	static
../Core/Src/main.c:98:6:rs485_send	16	static
../Core/Src/main.c:108:5:main	8	static
../Core/Src/main.c:172:6:SystemClock_Config	72	static
../Core/Src/main.c:209:13:MX_TIM2_Init	48	static
../Core/Src/main.c:270:13:MX_TIM3_Init	48	static
../Core/Src/main.c:331:13:MX_TIM4_Init	48	static
../Core/Src/main.c:392:13:MX_USART3_UART_Init	8	static
../Core/Src/main.c:425:13:MX_GPIO_Init	40	static
../Core/Src/main.c:489:6:HAL_GPIO_EXTI_Callback	16	static
../Core/Src/main.c:503:6:HAL_UART_TxCpltCallback	16	static
../Core/Src/main.c:515:6:Error_Handler	4	static,ignoring_inline_asm
