../Core/Src/main.c:90:6:set_rgb	1
../Core/Src/main.c:98:6:rs485_send	1
../Core/Src/main.c:108:5:main	1
../Core/Src/main.c:172:6:SystemClock_Config	3
../Core/Src/main.c:209:13:MX_TIM2_Init	7
../Core/Src/main.c:270:13:MX_TIM3_Init	7
../Core/Src/main.c:331:13:MX_TIM4_Init	7
../Core/Src/main.c:392:13:MX_USART3_UART_Init	2
../Core/Src/main.c:425:13:MX_GPIO_Init	1
../Core/Src/main.c:489:6:HAL_GPIO_EXTI_Callback	3
../Core/Src/main.c:503:6:HAL_UART_TxCpltCallback	1
../Core/Src/main.c:515:6:Error_Handler	1
