C:/Users/james/OneDrive/Documents/MIT 2025-2026/Small Build/The-Grid/FirmwareTesting/TheGridTesting/Core/Src/main.c:88:6:set_rgb	1
C:/Users/james/OneDrive/Documents/MIT 2025-2026/Small Build/The-Grid/FirmwareTesting/TheGridTesting/Core/Src/main.c:101:5:main	7
C:/Users/james/OneDrive/Documents/MIT 2025-2026/Small Build/The-Grid/FirmwareTesting/TheGridTesting/Core/Src/main.c:192:6:SystemClock_Config	3
C:/Users/james/OneDrive/Documents/MIT 2025-2026/Small Build/The-Grid/FirmwareTesting/TheGridTesting/Core/Src/main.c:229:13:MX_TIM2_Init	7
C:/Users/james/OneDrive/Documents/MIT 2025-2026/Small Build/The-Grid/FirmwareTesting/TheGridTesting/Core/Src/main.c:290:13:MX_TIM3_Init	7
C:/Users/james/OneDrive/Documents/MIT 2025-2026/Small Build/The-Grid/FirmwareTesting/TheGridTesting/Core/Src/main.c:351:13:MX_TIM4_Init	7
C:/Users/james/OneDrive/Documents/MIT 2025-2026/Small Build/The-Grid/FirmwareTesting/TheGridTesting/Core/Src/main.c:412:13:MX_USART3_UART_Init	2
C:/Users/james/OneDrive/Documents/MIT 2025-2026/Small Build/The-Grid/FirmwareTesting/TheGridTesting/Core/Src/main.c:445:13:MX_GPIO_Init	1
C:/Users/james/OneDrive/Documents/MIT 2025-2026/Small Build/The-Grid/FirmwareTesting/TheGridTesting/Core/Src/main.c:509:6:HAL_GPIO_EXTI_Callback	3
C:/Users/james/OneDrive/Documents/MIT 2025-2026/Small Build/The-Grid/FirmwareTesting/TheGridTesting/Core/Src/main.c:529:6:Error_Handler	1
