C:/Users/james/OneDrive/Documents/MIT 2025-2026/Small Build/The-Grid/FirmwareTesting/TheGridTesting/Core/Src/main.c:88:6:set_rgb_1	16	static
C:/Users/james/OneDrive/Documents/MIT 2025-2026/Small Build/The-Grid/FirmwareTesting/TheGridTesting/Core/Src/main.c:95:6:set_rgb_2	16	static
C:/Users/james/OneDrive/Documents/MIT 2025-2026/Small Build/The-Grid/FirmwareTesting/TheGridTesting/Core/Src/main.c:102:6:set_rgb_3	16	static
C:/Users/james/OneDrive/Documents/MIT 2025-2026/Small Build/The-Grid/FirmwareTesting/TheGridTesting/Core/Src/main.c:109:6:set_rgb_4	16	static
C:/Users/james/OneDrive/Documents/MIT 2025-2026/Small Build/The-Grid/FirmwareTesting/TheGridTesting/Core/Src/main.c:122:5:main	16	static
C:/Users/james/OneDrive/Documents/MIT 2025-2026/Small Build/The-Grid/FirmwareTesting/TheGridTesting/Core/Src/main.c:220:6:SystemClock_Config	72	static
C:/Users/james/OneDrive/Documents/MIT 2025-2026/Small Build/The-Grid/FirmwareTesting/TheGridTesting/Core/Src/main.c:257:13:MX_TIM2_Init	48	static
C:/Users/james/OneDrive/Documents/MIT 2025-2026/Small Build/The-Grid/FirmwareTesting/TheGridTesting/Core/Src/main.c:318:13:MX_TIM3_Init	48	static
C:/Users/james/OneDrive/Documents/MIT 2025-2026/Small Build/The-Grid/FirmwareTesting/TheGridTesting/Core/Src/main.c:379:13:MX_TIM4_Init	48	static
C:/Users/james/OneDrive/Documents/MIT 2025-2026/Small Build/The-Grid/FirmwareTesting/TheGridTesting/Core/Src/main.c:440:13:MX_USART3_UART_Init	8	static
C:/Users/james/OneDrive/Documents/MIT 2025-2026/Small Build/The-Grid/FirmwareTesting/TheGridTesting/Core/Src/main.c:473:13:MX_GPIO_Init	40	static
C:/Users/james/OneDrive/Documents/MIT 2025-2026/Small Build/The-Grid/FirmwareTesting/TheGridTesting/Core/Src/main.c:538:6:HAL_GPIO_EXTI_Callback	16	static
C:/Users/james/OneDrive/Documents/MIT 2025-2026/Small Build/The-Grid/FirmwareTesting/TheGridTesting/Core/Src/main.c:602:6:Error_Handler	4	static,ignoring_inline_asm
