C:/Users/james/OneDrive/Documents/MIT 2025-2026/Small Build/The-Grid/FirmwareTesting/TheGridTesting/Core/Src/main.c:88:6:set_rgb_1	1
C:/Users/james/OneDrive/Documents/MIT 2025-2026/Small Build/The-Grid/FirmwareTesting/TheGridTesting/Core/Src/main.c:95:6:set_rgb_2	1
C:/Users/james/OneDrive/Documents/MIT 2025-2026/Small Build/The-Grid/FirmwareTesting/TheGridTesting/Core/Src/main.c:102:6:set_rgb_3	1
C:/Users/james/OneDrive/Documents/MIT 2025-2026/Small Build/The-Grid/FirmwareTesting/TheGridTesting/Core/Src/main.c:109:6:set_rgb_4	1
C:/Users/james/OneDrive/Documents/MIT 2025-2026/Small Build/The-Grid/FirmwareTesting/TheGridTesting/Core/Src/main.c:122:5:main	8
C:/Users/james/OneDrive/Documents/MIT 2025-2026/Small Build/The-Grid/FirmwareTesting/TheGridTesting/Core/Src/main.c:218:6:SystemClock_Config	3
C:/Users/james/OneDrive/Documents/MIT 2025-2026/Small Build/The-Grid/FirmwareTesting/TheGridTesting/Core/Src/main.c:255:13:MX_TIM2_Init	7
C:/Users/james/OneDrive/Documents/MIT 2025-2026/Small Build/The-Grid/FirmwareTesting/TheGridTesting/Core/Src/main.c:316:13:MX_TIM3_Init	7
C:/Users/james/OneDrive/Documents/MIT 2025-2026/Small Build/The-Grid/FirmwareTesting/TheGridTesting/Core/Src/main.c:377:13:MX_TIM4_Init	7
C:/Users/james/OneDrive/Documents/MIT 2025-2026/Small Build/The-Grid/FirmwareTesting/TheGridTesting/Core/Src/main.c:438:13:MX_USART3_UART_Init	2
C:/Users/james/OneDrive/Documents/MIT 2025-2026/Small Build/The-Grid/FirmwareTesting/TheGridTesting/Core/Src/main.c:471:13:MX_GPIO_Init	1
C:/Users/james/OneDrive/Documents/MIT 2025-2026/Small Build/The-Grid/FirmwareTesting/TheGridTesting/Core/Src/main.c:535:6:HAL_GPIO_EXTI_Callback	5
C:/Users/james/OneDrive/Documents/MIT 2025-2026/Small Build/The-Grid/FirmwareTesting/TheGridTesting/Core/Src/main.c:564:6:Error_Handler	1
