C:/Users/james/OneDrive/Documents/MIT 2025-2026/Small Build/The-Grid/FirmwareTesting/TheGridTesting/Core/Src/main.c:89:13:Button_HandleEdge	24	static
C:/Users/james/OneDrive/Documents/MIT 2025-2026/Small Build/The-Grid/FirmwareTesting/TheGridTesting/Core/Src/main.c:124:6:set_rgb_1	16	static
C:/Users/james/OneDrive/Documents/MIT 2025-2026/Small Build/The-Grid/FirmwareTesting/TheGridTesting/Core/Src/main.c:131:6:set_rgb_2	16	static
C:/Users/james/OneDrive/Documents/MIT 2025-2026/Small Build/The-Grid/FirmwareTesting/TheGridTesting/Core/Src/main.c:138:6:set_rgb_3	16	static
C:/Users/james/OneDrive/Documents/MIT 2025-2026/Small Build/The-Grid/FirmwareTesting/TheGridTesting/Core/Src/main.c:145:6:set_rgb_4	16	static
C:/Users/james/OneDrive/Documents/MIT 2025-2026/Small Build/The-Grid/FirmwareTesting/TheGridTesting/Core/Src/main.c:158:5:main	16	static
C:/Users/james/OneDrive/Documents/MIT 2025-2026/Small Build/The-Grid/FirmwareTesting/TheGridTesting/Core/Src/main.c:256:6:SystemClock_Config	72	static
C:/Users/james/OneDrive/Documents/MIT 2025-2026/Small Build/The-Grid/FirmwareTesting/TheGridTesting/Core/Src/main.c:293:13:MX_TIM2_Init	48	static
C:/Users/james/OneDrive/Documents/MIT 2025-2026/Small Build/The-Grid/FirmwareTesting/TheGridTesting/Core/Src/main.c:354:13:MX_TIM3_Init	48	static
C:/Users/james/OneDrive/Documents/MIT 2025-2026/Small Build/The-Grid/FirmwareTesting/TheGridTesting/Core/Src/main.c:415:13:MX_TIM4_Init	48	static
C:/Users/james/OneDrive/Documents/MIT 2025-2026/Small Build/The-Grid/FirmwareTesting/TheGridTesting/Core/Src/main.c:476:13:MX_USART3_UART_Init	8	static
C:/Users/james/OneDrive/Documents/MIT 2025-2026/Small Build/The-Grid/FirmwareTesting/TheGridTesting/Core/Src/main.c:509:13:MX_GPIO_Init	40	static
C:/Users/james/OneDrive/Documents/MIT 2025-2026/Small Build/The-Grid/FirmwareTesting/TheGridTesting/Core/Src/main.c:613:6:HAL_GPIO_EXTI_Callback	16	static
C:/Users/james/OneDrive/Documents/MIT 2025-2026/Small Build/The-Grid/FirmwareTesting/TheGridTesting/Core/Src/main.c:652:6:Error_Handler	4	static,ignoring_inline_asm
