../Core/Src/main.c:92:6:set_rgb	16	static
../Core/Src/main.c:105:5:main	16	static
../Core/Src/main.c:200:6:SystemClock_Config	72	static
../Core/Src/main.c:237:13:MX_TIM2_Init	48	static
../Core/Src/main.c:298:13:MX_TIM3_Init	48	static
../Core/Src/main.c:359:13:MX_TIM4_Init	48	static
../Core/Src/main.c:420:13:MX_USART3_UART_Init	8	static
../Core/Src/main.c:453:13:MX_GPIO_Init	40	static
../Core/Src/main.c:517:6:HAL_GPIO_EXTI_Callback	16	static
../Core/Src/main.c:531:6:HAL_UART_RxCpltCallback	16	static
../Core/Src/main.c:545:6:Error_Handler	4	static,ignoring_inline_asm
